10.0.0.5 - - [15/Jan/2024:10:24:12 +0000] "POST /api/login HTTP/1.1" 201 567
203.0.113.42 - - [15/Jan/2024:10:27:15 +0000] "PUT /api/products HTTP/1.1" 500 2048
8.8.8.8 - - [15/Jan/2024:10:29:47 +0000] "DELETE /users HTTP/1.1" 403 89
